<?xml version="1.0" encoding="UTF-8"?>
<mapping xmlns="http://rtsys.informatik.uni-kiel.de/modelgui">

<display port="0">
  <colorize id="signal_up" input="-1,0,1" color="#3e4cd0, #3e4cd0, #00ff00" color-property="fill" />
  <colorize id="signal_down" input="-1,0,1" color="#00ff00, #3e4cd0, #3e4cd0" color-property="fill" />
</display>

<display port="1">
  <colorize id="signal_alarm" input="true,false" color="#ff0000, #390000"
  color-property="fill"/>
  <colorize id="signal_alarm" input="true,false" color="#ff0000, #390000"
  color-property="stroke"/>
</display>

<display port="2">
  <move id="elevator" input="0..100" x-range="35..35" y-range="265..50"/>
</display>

<display port="3">
  <opaque id="door_left" input="true,false" opacity="1, 0"/>
  <opaque id="door_right" input="true,false" opacity="1, 0"/>
</display>
<control port="0">
	<button id="button_up"/>
</control>
<control port="1">
	<button id="button_down"/>
</control>
<control port="2">
	<button id="button_alarm"/>
</control>


</mapping>
