<?xml version="1.0" encoding="UTF-8"?>
<mapping xmlns="http://rtsys.informatik.uni-kiel.de/modelgui" xmlns:xsd="http://www.w3.org/2001/XMLSchema">
    <display port="0">
	<rotate id="lever" input="0..10" angle-range="0..-7" pivot="69,89" />
	<rotate id="lever" input="11..20" angle-range="-7..-13" pivot="69,89" />
	<rotate id="lever" input="21..30" angle-range="-14..-19" pivot="69,89" />
	<rotate id="lever" input="31..40" angle-range="-19..-24" pivot="69,89" />
	<rotate id="lever" input="41..50" angle-range="-25..-30" pivot="69,89" />
	<rotate id="lever" input="51..60" angle-range="-31..-35" pivot="69,89" />
	<rotate id="lever" input="61..70" angle-range="-36..-42" pivot="69,89" />
	<rotate id="lever" input="71..80" angle-range="-43..-49" pivot="69,89" />
	<rotate id="lever" input="81..90" angle-range="-50..-58" pivot="69,89" />
	<rotate id="lever" input="91..100" angle-range="-59..-70" pivot="69,89" />
        <!-- <move-path id="lever"  input="1..100" path="path_lever"  anchor-point="42,320"  direction-angle="90"/> -->
	
	<move-path id="flap" input="0..100" path="path_flap"  anchor-point="804,235" auto-orient="false" direction-angle="98"/>
	<rotate id="flap" input="10..20" angle-range="0..1" pivot="804,235" />
	<rotate id="flap" input="21..30" angle-range="1..3" pivot="804,235" />
	<rotate id="flap" input="31..40" angle-range="3..5" pivot="804,235" />
	<rotate id="flap" input="41..50" angle-range="5..8" pivot="804,235" />
	<rotate id="flap" input="51..60" angle-range="8..11" pivot="804,235" />
	<rotate id="flap" input="61..70" angle-range="11..15" pivot="804,235" />
	<rotate id="flap" input="71..80" angle-range="15..20" pivot="804,235" />
	<rotate id="flap" input="81..90" angle-range="20..27" pivot="804,235" />
	<rotate id="flap" input="91..100" angle-range="27..37" pivot="804,235" />

	<move-path id="slider" input="0..100" path="path_slider" auto-orient="false"/>
    </display>
</mapping>
